Java HotSpot(TM) 64-Bit Server VM (25.25-b02) for linux-amd64 JRE (1.8.0_25-b17), built on Sep 17 2014 17:32:11 by "java_re" with gcc 4.3.0 20080428 (Red Hat 4.3.0-8)
Memory: 4k page, physical 8139304k(962572k free), swap 0k(0k free)
CommandLine flags: -XX:InitialHeapSize=130228864 -XX:+ManagementServer -XX:MaxHeapSize=2083661824 -XX:+PrintGC -XX:+PrintGCTimeStamps -XX:+UseCompressedClassPointers -XX:+UseCompressedOops -XX:+UseG1GC 
16.668: [GC pause (G1 Humongous Allocation) (young) (initial-mark) 38M->29M(126M), 0.0054855 secs]
16.674: [GC concurrent-root-region-scan-start]
16.675: [GC concurrent-root-region-scan-end, 0.0018681 secs]
16.675: [GC concurrent-mark-start]
16.676: [GC concurrent-mark-end, 0.0001400 secs]
16.676: [GC remark, 0.0016159 secs]
16.678: [GC cleanup 31M->31M(126M), 0.0012774 secs]
16.679: [GC concurrent-cleanup-start]
16.679: [GC concurrent-cleanup-end, 0.0000124 secs]
26.623: [GC pause (G1 Evacuation Pause) (young) 105M->102M(210M), 0.0044265 secs]
48.420: [GC pause (G1 Evacuation Pause) (young) 108M->102M(212M), 0.0039638 secs]
85.751: [GC pause (G1 Evacuation Pause) (young) (initial-mark) 111M->101M(213M), 0.0042429 secs]
85.755: [GC concurrent-root-region-scan-start]
85.755: [GC concurrent-root-region-scan-end, 0.0000832 secs]
85.755: [GC concurrent-mark-start]
85.761: [GC concurrent-mark-end, 0.0060001 secs]
85.761: [GC remark, 0.0075017 secs]
85.769: [GC cleanup 101M->1871K(213M), 0.0011214 secs]
85.770: [GC concurrent-cleanup-start]
85.770: [GC concurrent-cleanup-end, 0.0002413 secs]
123.056: [GC pause (G1 Evacuation Pause) (young) 10M->1531K(213M), 0.0023464 secs]
657.127: [GC pause (G1 Evacuation Pause) (young) 127M->1530K(213M), 0.0024400 secs]
1191.905: [GC pause (G1 Evacuation Pause) (young) 127M->1531K(213M), 0.0024536 secs]
1727.442: [GC pause (G1 Evacuation Pause) (young) 127M->1533K(213M), 0.0024707 secs]
2263.202: [GC pause (G1 Evacuation Pause) (young) 127M->1538K(213M), 0.0047231 secs]
2794.889: [GC pause (G1 Evacuation Pause) (young) 127M->1535K(213M), 0.0023448 secs]
3325.669: [GC pause (G1 Evacuation Pause) (young) 127M->1543K(213M), 0.0018961 secs]
3858.368: [GC pause (G1 Evacuation Pause) (young) 127M->1543K(213M), 0.0020494 secs]
4390.089: [GC pause (G1 Evacuation Pause) (young) 127M->1542K(213M), 0.0029167 secs]
4926.699: [GC pause (G1 Evacuation Pause) (young) 127M->1532K(213M), 0.0024767 secs]
5465.381: [GC pause (G1 Evacuation Pause) (young) 127M->1536K(213M), 0.0027594 secs]
6003.826: [GC pause (G1 Evacuation Pause) (young) 127M->1534K(213M), 0.0028209 secs]
6541.010: [GC pause (G1 Evacuation Pause) (young) 127M->1532K(213M), 0.0031118 secs]
7078.371: [GC pause (G1 Evacuation Pause) (young) 127M->1540K(213M), 0.0025680 secs]
7616.293: [GC pause (G1 Evacuation Pause) (young) 127M->1551K(213M), 0.0021877 secs]
8154.566: [GC pause (G1 Evacuation Pause) (young) 127M->1553K(213M), 0.0024174 secs]
8692.017: [GC pause (G1 Evacuation Pause) (young) 127M->1564K(213M), 0.0018881 secs]
