Java HotSpot(TM) 64-Bit Server VM (25.25-b02) for linux-amd64 JRE (1.8.0_25-b17), built on Sep 17 2014 17:32:11 by "java_re" with gcc 4.3.0 20080428 (Red Hat 4.3.0-8)
Memory: 4k page, physical 8139304k(1987884k free), swap 0k(0k free)
CommandLine flags: -XX:InitialHeapSize=130228864 -XX:+ManagementServer -XX:MaxHeapSize=2083661824 -XX:+PrintGC -XX:+PrintGCDateStamps -XX:+PrintGCTimeStamps -XX:+UseCompressedClassPointers -XX:+UseCompressedOops -XX:+UseParallelGC -XX:+UseParallelOldGC 
2014-11-15T17:30:16.695+0200: 26.359: [GC (Allocation Failure)  31460K->17920K(123904K), 0.0102289 secs]
2014-11-15T17:30:16.861+0200: 26.526: [GC (Allocation Failure)  49869K->48736K(123904K), 0.0180288 secs]
2014-11-15T17:30:17.036+0200: 26.700: [GC (Allocation Failure)  80035K->79488K(123904K), 0.0231706 secs]
2014-11-15T17:30:17.059+0200: 26.724: [Full GC (Ergonomics)  79488K->79287K(190976K), 0.0330431 secs]
2014-11-15T17:32:08.763+0200: 138.427: [GC (Allocation Failure)  112055K->83583K(222720K), 0.0032016 secs]
2014-11-15T17:36:32.819+0200: 402.483: [GC (Allocation Failure)  148607K->83519K(223232K), 0.0029225 secs]
2014-11-15T17:41:00.984+0200: 670.649: [GC (Allocation Failure)  148543K->83647K(328192K), 0.0043787 secs]
2014-11-15T17:46:30.943+0200: 1000.607: [GC (Allocation Failure)  211323K->128703K(329728K), 0.0267563 secs]
2014-11-15T17:46:37.094+0200: 1006.758: [GC (Allocation Failure)  255711K->253680K(497152K), 0.0960154 secs]
2014-11-15T17:46:37.190+0200: 1006.854: [Full GC (Ergonomics)  253680K->171479K(583168K), 0.0604523 secs]
2014-11-15T18:00:38.181+0200: 1847.845: [GC (Allocation Failure)  410071K->206551K(594432K), 0.0138438 secs]
2014-11-15T18:17:05.634+0200: 2835.298: [GC (Allocation Failure)  445143K->206559K(725504K), 0.0773905 secs]
2014-11-15T18:42:25.141+0200: 4354.805: [GC (Allocation Failure)  581855K->206487K(644096K), 0.0101585 secs]
2014-11-15T19:07:14.496+0200: 5844.160: [GC (Allocation Failure)  564887K->206431K(679936K), 0.0023996 secs]
2014-11-15T19:31:04.085+0200: 7273.749: [GC (Allocation Failure)  548959K->206431K(612864K), 0.0042914 secs]
2014-11-15T19:53:30.820+0200: 8620.484: [GC (Allocation Failure)  533599K->206463K(648704K), 0.0027577 secs]
2014-11-15T20:15:11.858+0200: 9921.522: [GC (Allocation Failure)  519295K->206447K(584704K), 0.0025481 secs]
