Java HotSpot(TM) 64-Bit Server VM (25.25-b02) for linux-amd64 JRE (1.8.0_25-b17), built on Sep 17 2014 17:32:11 by "java_re" with gcc 4.3.0 20080428 (Red Hat 4.3.0-8)
Memory: 4k page, physical 8139304k(2450408k free), swap 0k(0k free)
CommandLine flags: -XX:InitialHeapSize=130228864 -XX:+ManagementServer -XX:MaxHeapSize=2083661824 -XX:+PrintGC -XX:+PrintGCDetails -XX:+PrintGCTimeStamps -XX:+UseCompressedClassPointers -XX:+UseCompressedOops -XX:+UseParallelGC -XX:+UseParallelOldGC 
21.103: [GC (Allocation Failure) [PSYoungGen: 32197K->5104K(37888K)] 32197K->19976K(123904K), 0.0143535 secs] [Times: user=0.05 sys=0.05, real=0.01 secs] 
32.292: [GC (Allocation Failure) [PSYoungGen: 37648K->5104K(37888K)] 52520K->31312K(123904K), 0.0099629 secs] [Times: user=0.04 sys=0.02, real=0.01 secs] 
126.001: [GC (Allocation Failure) [PSYoungGen: 36400K->3136K(37888K)] 62608K->29352K(123904K), 0.0024378 secs] [Times: user=0.01 sys=0.00, real=0.01 secs] 
127.509: [GC (Allocation Failure) [PSYoungGen: 35104K->5088K(37888K)] 61321K->60048K(123904K), 0.0141576 secs] [Times: user=0.06 sys=0.01, real=0.02 secs] 
127.524: [Full GC (Ergonomics) [PSYoungGen: 5088K->0K(37888K)] [ParOldGen: 54960K->34240K(100352K)] 60048K->34240K(138240K), [Metaspace: 7875K->7875K(1056768K)], 0.0241912 secs] [Times: user=0.09 sys=0.02, real=0.02 secs] 
226.718: [GC (Allocation Failure) [PSYoungGen: 32768K->4192K(37376K)] 67008K->42528K(137728K), 0.0031785 secs] [Times: user=0.01 sys=0.00, real=0.00 secs] 
359.559: [GC (Allocation Failure) [PSYoungGen: 36448K->4224K(68096K)] 74784K->42560K(168448K), 0.0033096 secs] [Times: user=0.01 sys=0.00, real=0.01 secs] 
490.046: [GC (Allocation Failure) [PSYoungGen: 35968K->4224K(35840K)] 74304K->42560K(136192K), 0.0020325 secs] [Times: user=0.01 sys=0.00, real=0.00 secs] 
619.445: [GC (Allocation Failure) [PSYoungGen: 35456K->4224K(64000K)] 73792K->42560K(164352K), 0.0023471 secs] [Times: user=0.01 sys=0.00, real=0.00 secs] 
745.835: [GC (Allocation Failure) [PSYoungGen: 34944K->64K(30720K)] 73280K->42536K(131072K), 0.0022216 secs] [Times: user=0.01 sys=0.01, real=0.00 secs] 
871.242: [GC (Allocation Failure) [PSYoungGen: 30272K->128K(62976K)] 72744K->42608K(163328K), 0.0016562 secs] [Times: user=0.00 sys=0.00, real=0.00 secs] 
993.536: [GC (Allocation Failure) [PSYoungGen: 29824K->64K(29696K)] 72304K->42544K(130048K), 0.0014691 secs] [Times: user=0.01 sys=0.00, real=0.00 secs] 
1114.853: [GC (Allocation Failure) [PSYoungGen: 29248K->64K(59392K)] 71728K->42576K(159744K), 0.0013200 secs] [Times: user=0.01 sys=0.00, real=0.00 secs] 
1234.150: [GC (Allocation Failure) [PSYoungGen: 28736K->96K(28672K)] 71248K->42608K(129024K), 0.0005208 secs] [Times: user=0.00 sys=0.00, real=0.00 secs] 
1352.319: [GC (Allocation Failure) [PSYoungGen: 28256K->64K(55296K)] 70768K->42584K(155648K), 0.0011618 secs] [Times: user=0.00 sys=0.00, real=0.00 secs] 
1467.151: [GC (Allocation Failure) [PSYoungGen: 27712K->96K(27648K)] 70232K->42616K(128000K), 0.0012740 secs] [Times: user=0.01 sys=0.00, real=0.00 secs] 
1579.898: [GC (Allocation Failure) [PSYoungGen: 27232K->64K(52224K)] 69752K->42584K(152576K), 0.0012058 secs] [Times: user=0.01 sys=0.00, real=0.00 secs] 
1690.611: [GC (Allocation Failure) [PSYoungGen: 26688K->64K(26624K)] 69208K->42584K(126976K), 0.0009799 secs] [Times: user=0.00 sys=0.00, real=0.00 secs] 
1799.232: [GC (Allocation Failure) [PSYoungGen: 26176K->64K(47616K)] 68696K->42584K(147968K), 0.0012872 secs] [Times: user=0.01 sys=0.00, real=0.00 secs] 
1905.878: [GC (Allocation Failure) [PSYoungGen: 25664K->64K(25600K)] 68184K->42584K(125952K), 0.0019487 secs] [Times: user=0.01 sys=0.00, real=0.00 secs] 
2010.423: [GC (Allocation Failure) [PSYoungGen: 25152K->96K(44032K)] 67672K->42616K(144384K), 0.0013436 secs] [Times: user=0.00 sys=0.00, real=0.00 secs] 
2112.776: [GC (Allocation Failure) [PSYoungGen: 24672K->32K(24576K)] 67192K->42552K(124928K), 0.0021077 secs] [Times: user=0.01 sys=0.00, real=0.00 secs] 
2214.025: [GC (Allocation Failure) [PSYoungGen: 24096K->96K(41472K)] 66616K->42616K(141824K), 0.0013042 secs] [Times: user=0.00 sys=0.00, real=0.00 secs] 
2314.340: [GC (Allocation Failure) [PSYoungGen: 24160K->96K(24576K)] 66680K->42616K(124928K), 0.0012368 secs] [Times: user=0.01 sys=0.00, real=0.00 secs] 
2413.581: [GC (Allocation Failure) [PSYoungGen: 24160K->96K(39936K)] 66680K->42616K(140288K), 0.0012957 secs] [Times: user=0.01 sys=0.00, real=0.01 secs] 
2512.796: [GC (Allocation Failure) [PSYoungGen: 24160K->32K(24576K)] 66680K->42560K(124928K), 0.0021396 secs] [Times: user=0.00 sys=0.00, real=0.00 secs] 
2610.972: [GC (Allocation Failure) [PSYoungGen: 24096K->32K(37888K)] 66624K->42560K(138240K), 0.0018703 secs] [Times: user=0.00 sys=0.00, real=0.00 secs] 
2711.227: [GC (Allocation Failure) [PSYoungGen: 24096K->160K(24576K)] 66624K->42688K(124928K), 0.0013198 secs] [Times: user=0.00 sys=0.00, real=0.00 secs] 
2809.520: [GC (Allocation Failure) [PSYoungGen: 24224K->160K(35840K)] 66752K->42688K(136192K), 0.0012216 secs] [Times: user=0.00 sys=0.00, real=0.00 secs] 
2908.865: [GC (Allocation Failure) [PSYoungGen: 24224K->160K(24576K)] 66752K->42688K(124928K), 0.0013353 secs] [Times: user=0.01 sys=0.00, real=0.00 secs] 
3008.313: [GC (Allocation Failure) [PSYoungGen: 24224K->160K(34816K)] 66752K->42688K(135168K), 0.0015105 secs] [Times: user=0.00 sys=0.01, real=0.00 secs] 
3107.527: [GC (Allocation Failure) [PSYoungGen: 24224K->128K(24576K)] 66752K->42656K(124928K), 0.0011404 secs] [Times: user=0.00 sys=0.00, real=0.00 secs] 
3206.790: [GC (Allocation Failure) [PSYoungGen: 24192K->160K(33280K)] 66720K->42688K(133632K), 0.0011170 secs] [Times: user=0.00 sys=0.00, real=0.00 secs] 
3306.060: [GC (Allocation Failure) [PSYoungGen: 24224K->96K(24576K)] 66752K->42624K(124928K), 0.0014690 secs] [Times: user=0.00 sys=0.00, real=0.00 secs] 
3405.316: [GC (Allocation Failure) [PSYoungGen: 24160K->160K(31744K)] 66688K->42688K(132096K), 0.0011966 secs] [Times: user=0.00 sys=0.00, real=0.00 secs] 
3504.691: [GC (Allocation Failure) [PSYoungGen: 24224K->128K(24576K)] 66752K->42656K(124928K), 0.0012087 secs] [Times: user=0.00 sys=0.00, real=0.00 secs] 
3603.987: [GC (Allocation Failure) [PSYoungGen: 24192K->128K(30720K)] 66720K->42656K(131072K), 0.0011787 secs] [Times: user=0.00 sys=0.00, real=0.00 secs] 
3703.258: [GC (Allocation Failure) [PSYoungGen: 24192K->96K(24576K)] 66720K->42624K(124928K), 0.0013323 secs] [Times: user=0.00 sys=0.00, real=0.00 secs] 
3802.590: [GC (Allocation Failure) [PSYoungGen: 24160K->160K(29696K)] 66688K->42688K(130048K), 0.0013452 secs] [Times: user=0.00 sys=0.00, real=0.00 secs] 
3901.805: [GC (Allocation Failure) [PSYoungGen: 24224K->160K(24576K)] 66752K->42688K(124928K), 0.0012447 secs] [Times: user=0.01 sys=0.00, real=0.00 secs] 
4002.108: [GC (Allocation Failure) [PSYoungGen: 24224K->96K(28672K)] 66752K->42640K(129024K), 0.0014521 secs] [Times: user=0.00 sys=0.00, real=0.01 secs] 
4100.693: [GC (Allocation Failure) [PSYoungGen: 24160K->96K(24576K)] 66704K->42640K(124928K), 0.0014469 secs] [Times: user=0.00 sys=0.00, real=0.00 secs] 
4197.871: [GC (Allocation Failure) [PSYoungGen: 24160K->96K(28672K)] 66704K->42640K(129024K), 0.0146294 secs] [Times: user=0.03 sys=0.00, real=0.01 secs] 
4298.206: [GC (Allocation Failure) [PSYoungGen: 24160K->64K(24576K)] 66704K->42608K(124928K), 0.0013244 secs] [Times: user=0.00 sys=0.00, real=0.00 secs] 
4397.470: [GC (Allocation Failure) [PSYoungGen: 24128K->160K(28160K)] 66672K->42704K(128512K), 0.0011492 secs] [Times: user=0.01 sys=0.00, real=0.01 secs] 
4496.699: [GC (Allocation Failure) [PSYoungGen: 24224K->64K(24576K)] 66768K->42608K(124928K), 0.0013618 secs] [Times: user=0.00 sys=0.00, real=0.00 secs] 
4597.058: [GC (Allocation Failure) [PSYoungGen: 24128K->96K(27648K)] 66672K->42640K(128000K), 0.0013682 secs] [Times: user=0.00 sys=0.00, real=0.00 secs] 
4697.358: [GC (Allocation Failure) [PSYoungGen: 24160K->96K(24576K)] 66704K->42640K(124928K), 0.0008296 secs] [Times: user=0.01 sys=0.00, real=0.00 secs] 
4798.739: [GC (Allocation Failure) [PSYoungGen: 24160K->96K(27136K)] 66704K->42640K(127488K), 0.0011472 secs] [Times: user=0.01 sys=0.00, real=0.00 secs] 
4899.090: [GC (Allocation Failure) [PSYoungGen: 24160K->64K(24576K)] 66704K->42608K(124928K), 0.0014983 secs] [Times: user=0.01 sys=0.01, real=0.00 secs] 
4999.406: [GC (Allocation Failure) [PSYoungGen: 24128K->96K(26624K)] 66672K->42640K(126976K), 0.0010655 secs] [Times: user=0.00 sys=0.01, real=0.00 secs] 
5099.879: [GC (Allocation Failure) [PSYoungGen: 24160K->128K(24576K)] 66704K->42672K(124928K), 0.0014760 secs] [Times: user=0.00 sys=0.00, real=0.00 secs] 
5200.138: [GC (Allocation Failure) [PSYoungGen: 24192K->64K(26112K)] 66736K->42608K(126464K), 0.0010524 secs] [Times: user=0.01 sys=0.00, real=0.00 secs] 
5301.489: [GC (Allocation Failure) [PSYoungGen: 24128K->64K(26112K)] 66672K->42608K(126464K), 0.0014440 secs] [Times: user=0.01 sys=0.00, real=0.01 secs] 
5401.089: [GC (Allocation Failure) [PSYoungGen: 24128K->32K(26112K)] 66672K->42576K(126464K), 0.0008413 secs] [Times: user=0.00 sys=0.00, real=0.01 secs] 
5502.162: [GC (Allocation Failure) [PSYoungGen: 24096K->128K(24576K)] 66640K->42672K(124928K), 0.0012128 secs] [Times: user=0.00 sys=0.01, real=0.00 secs] 
5600.404: [GC (Allocation Failure) [PSYoungGen: 24192K->96K(25600K)] 66736K->42640K(125952K), 0.0011747 secs] [Times: user=0.01 sys=0.00, real=0.00 secs] 
5700.634: [GC (Allocation Failure) [PSYoungGen: 24160K->64K(25600K)] 66704K->42616K(125952K), 0.0016192 secs] [Times: user=0.00 sys=0.01, real=0.00 secs] 
5801.927: [GC (Allocation Failure) [PSYoungGen: 24128K->96K(25600K)] 66680K->42648K(125952K), 0.0012333 secs] [Times: user=0.00 sys=0.00, real=0.00 secs] 
5902.289: [GC (Allocation Failure) [PSYoungGen: 24160K->64K(25600K)] 66712K->42616K(125952K), 0.0013889 secs] [Times: user=0.00 sys=0.00, real=0.01 secs] 
6002.583: [GC (Allocation Failure) [PSYoungGen: 24128K->96K(24576K)] 66680K->42648K(124928K), 0.0014537 secs] [Times: user=0.00 sys=0.00, real=0.00 secs] 
6102.824: [GC (Allocation Failure) [PSYoungGen: 24160K->64K(25088K)] 66712K->42616K(125440K), 0.0015916 secs] [Times: user=0.00 sys=0.00, real=0.00 secs] 
6204.157: [GC (Allocation Failure) [PSYoungGen: 24128K->96K(25088K)] 66680K->42648K(125440K), 0.0014287 secs] [Times: user=0.01 sys=0.00, real=0.00 secs] 
6304.418: [GC (Allocation Failure) [PSYoungGen: 24160K->96K(25088K)] 66712K->42648K(125440K), 0.0011268 secs] [Times: user=0.01 sys=0.00, real=0.00 secs] 
6404.626: [GC (Allocation Failure) [PSYoungGen: 24160K->64K(25088K)] 66712K->42616K(125440K), 0.0013937 secs] [Times: user=0.01 sys=0.00, real=0.00 secs] 
6504.964: [GC (Allocation Failure) [PSYoungGen: 24128K->64K(25088K)] 66680K->42616K(125440K), 0.0011454 secs] [Times: user=0.00 sys=0.01, real=0.00 secs] 
6604.310: [GC (Allocation Failure) [PSYoungGen: 24128K->128K(25088K)] 66680K->42680K(125440K), 0.0011021 secs] [Times: user=0.02 sys=0.00, real=0.01 secs] 
6702.539: [GC (Allocation Failure) [PSYoungGen: 24192K->128K(25088K)] 66744K->42680K(125440K), 0.0012458 secs] [Times: user=0.00 sys=0.00, real=0.00 secs] 
6801.730: [GC (Allocation Failure) [PSYoungGen: 24192K->192K(25088K)] 66744K->42744K(125440K), 0.0011332 secs] [Times: user=0.00 sys=0.00, real=0.01 secs] 
6901.091: [GC (Allocation Failure) [PSYoungGen: 24256K->64K(25088K)] 66808K->42616K(125440K), 0.0011911 secs] [Times: user=0.01 sys=0.00, real=0.00 secs] 
7002.206: [GC (Allocation Failure) [PSYoungGen: 24128K->96K(24576K)] 66680K->42648K(124928K), 0.0010624 secs] [Times: user=0.00 sys=0.00, real=0.00 secs] 
7101.442: [GC (Allocation Failure) [PSYoungGen: 24160K->64K(24576K)] 66712K->42616K(124928K), 0.0012629 secs] [Times: user=0.00 sys=0.00, real=0.00 secs] 
7201.702: [GC (Allocation Failure) [PSYoungGen: 24128K->128K(24576K)] 66680K->42680K(124928K), 0.0010414 secs] [Times: user=0.00 sys=0.01, real=0.00 secs] 
7302.988: [GC (Allocation Failure) [PSYoungGen: 24192K->192K(24576K)] 66744K->42744K(124928K), 0.0012335 secs] [Times: user=0.01 sys=0.00, real=0.00 secs] 
7403.286: [GC (Allocation Failure) [PSYoungGen: 24256K->96K(24576K)] 66808K->42648K(124928K), 0.0011611 secs] [Times: user=0.00 sys=0.01, real=0.00 secs] 
7503.524: [GC (Allocation Failure) [PSYoungGen: 24160K->96K(24576K)] 66712K->42648K(124928K), 0.0010499 secs] [Times: user=0.00 sys=0.00, real=0.00 secs] 
7603.717: [GC (Allocation Failure) [PSYoungGen: 24160K->96K(24576K)] 66712K->42648K(124928K), 0.0009118 secs] [Times: user=0.00 sys=0.00, real=0.00 secs] 
7704.633: [GC (Allocation Failure) [PSYoungGen: 24160K->128K(24576K)] 66712K->42680K(124928K), 0.0012223 secs] [Times: user=0.01 sys=0.00, real=0.00 secs] 
7804.655: [GC (Allocation Failure) [PSYoungGen: 24192K->128K(24576K)] 66744K->42680K(124928K), 0.0011295 secs] [Times: user=0.00 sys=0.00, real=0.00 secs] 
7904.865: [GC (Allocation Failure) [PSYoungGen: 24192K->160K(24576K)] 66744K->42712K(124928K), 0.0013270 secs] [Times: user=0.01 sys=0.00, real=0.00 secs] 
8005.210: [GC (Allocation Failure) [PSYoungGen: 24224K->192K(24576K)] 66776K->42744K(124928K), 0.0013344 secs] [Times: user=0.01 sys=0.00, real=0.01 secs] 
8104.979: [GC (Allocation Failure) [PSYoungGen: 24256K->96K(24576K)] 66808K->42688K(124928K), 0.0062097 secs] [Times: user=0.02 sys=0.00, real=0.01 secs] 
8204.849: [GC (Allocation Failure) [PSYoungGen: 24160K->64K(24576K)] 66752K->42664K(124928K), 0.0012861 secs] [Times: user=0.01 sys=0.00, real=0.01 secs] 
8306.113: [GC (Allocation Failure) [PSYoungGen: 24128K->128K(24576K)] 66728K->42728K(124928K), 0.0008324 secs] [Times: user=0.01 sys=0.00, real=0.00 secs] 
8406.130: [GC (Allocation Failure) [PSYoungGen: 24192K->96K(24576K)] 66792K->42696K(124928K), 0.0013981 secs] [Times: user=0.00 sys=0.00, real=0.00 secs] 
8506.260: [GC (Allocation Failure) [PSYoungGen: 24160K->96K(24576K)] 66760K->42696K(124928K), 0.0012046 secs] [Times: user=0.00 sys=0.00, real=0.00 secs] 
8606.482: [GC (Allocation Failure) [PSYoungGen: 24160K->96K(24576K)] 66760K->42696K(124928K), 0.0021515 secs] [Times: user=0.01 sys=0.00, real=0.00 secs] 
8707.685: [GC (Allocation Failure) [PSYoungGen: 24160K->32K(24576K)] 66760K->42632K(124928K), 0.0021460 secs] [Times: user=0.00 sys=0.00, real=0.00 secs] 
8807.874: [GC (Allocation Failure) [PSYoungGen: 24096K->96K(24576K)] 66696K->42696K(124928K), 0.0015679 secs] [Times: user=0.00 sys=0.01, real=0.00 secs] 
8908.120: [GC (Allocation Failure) [PSYoungGen: 24160K->64K(24576K)] 66760K->42664K(124928K), 0.0015545 secs] [Times: user=0.00 sys=0.00, real=0.00 secs] 
9007.287: [GC (Allocation Failure) [PSYoungGen: 24128K->160K(24576K)] 66728K->42760K(124928K), 0.0013505 secs] [Times: user=0.01 sys=0.00, real=0.00 secs] 
9107.499: [GC (Allocation Failure) [PSYoungGen: 24224K->96K(24576K)] 66824K->42696K(124928K), 0.0016410 secs] [Times: user=0.00 sys=0.00, real=0.00 secs] 
9207.765: [GC (Allocation Failure) [PSYoungGen: 24160K->128K(24576K)] 66760K->42728K(124928K), 0.0013515 secs] [Times: user=0.01 sys=0.00, real=0.00 secs] 
9307.992: [GC (Allocation Failure) [PSYoungGen: 24192K->96K(24576K)] 66792K->42696K(124928K), 0.0015107 secs] [Times: user=0.00 sys=0.00, real=0.00 secs] 
9409.346: [GC (Allocation Failure) [PSYoungGen: 24160K->96K(24576K)] 66760K->42696K(124928K), 0.0013804 secs] [Times: user=0.00 sys=0.00, real=0.00 secs] 
9509.567: [GC (Allocation Failure) [PSYoungGen: 24160K->224K(24576K)] 66760K->42824K(124928K), 0.0009702 secs] [Times: user=0.01 sys=0.00, real=0.00 secs] 
9609.815: [GC (Allocation Failure) [PSYoungGen: 24288K->128K(24576K)] 66888K->42728K(124928K), 0.0012312 secs] [Times: user=0.01 sys=0.00, real=0.00 secs] 
9710.079: [GC (Allocation Failure) [PSYoungGen: 24192K->160K(24576K)] 66792K->42760K(124928K), 0.0013726 secs] [Times: user=0.00 sys=0.00, real=0.00 secs] 
9810.304: [GC (Allocation Failure) [PSYoungGen: 24224K->96K(24576K)] 66824K->42696K(124928K), 0.0016130 secs] [Times: user=0.00 sys=0.00, real=0.00 secs] 
9910.599: [GC (Allocation Failure) [PSYoungGen: 24160K->160K(24576K)] 66760K->42760K(124928K), 0.0012391 secs] [Times: user=0.00 sys=0.00, real=0.00 secs] 
10011.891: [GC (Allocation Failure) [PSYoungGen: 24224K->32K(24576K)] 66824K->42632K(124928K), 0.0014400 secs] [Times: user=0.00 sys=0.00, real=0.00 secs] 
10111.973: [GC (Allocation Failure) [PSYoungGen: 24096K->128K(24576K)] 66696K->42728K(124928K), 0.0060934 secs] [Times: user=0.01 sys=0.00, real=0.00 secs] 
10212.126: [GC (Allocation Failure) [PSYoungGen: 24192K->96K(24576K)] 66792K->42696K(124928K), 0.0012711 secs] [Times: user=0.01 sys=0.00, real=0.00 secs] 
Heap
 PSYoungGen      total 24576K, used 13586K [0x00000000d6980000, 0x00000000d8280000, 0x0000000100000000)
  eden space 24064K, 56% used [0x00000000d6980000,0x00000000d76ac830,0x00000000d8100000)
  from space 512K, 18% used [0x00000000d8200000,0x00000000d8218000,0x00000000d8280000)
  to   space 512K, 0% used [0x00000000d8180000,0x00000000d8180000,0x00000000d8200000)
 ParOldGen       total 100352K, used 42600K [0x0000000083c00000, 0x0000000089e00000, 0x00000000d6980000)
  object space 100352K, 42% used [0x0000000083c00000,0x000000008659a3f8,0x0000000089e00000)
 Metaspace       used 7911K, capacity 8082K, committed 8192K, reserved 1056768K
  class space    used 911K, capacity 951K, committed 1024K, reserved 1048576K
