Java HotSpot(TM) 64-Bit Server VM (25.25-b02) for linux-amd64 JRE (1.8.0_25-b17), built on Sep 17 2014 17:32:11 by "java_re" with gcc 4.3.0 20080428 (Red Hat 4.3.0-8)
Memory: 4k page, physical 8139304k(2228532k free), swap 0k(0k free)
CommandLine flags: -XX:InitialHeapSize=130228864 -XX:+ManagementServer -XX:MaxHeapSize=2083661824 -XX:MaxNewSize=694157312 -XX:MaxTenuringThreshold=6 -XX:OldPLABSize=16 -XX:+PrintGC -XX:+PrintGCDateStamps -XX:+PrintGCDetails -XX:+PrintGCTimeStamps -XX:+UseCompressedClassPointers -XX:+UseCompressedOops -XX:+UseConcMarkSweepGC -XX:+UseParNewGC 
2014-11-15T17:28:25.911+0200: 12.509: [GC (Allocation Failure) 12.509: [ParNew: 32876K->3590K(38720K), 0.0129705 secs] 32876K->22039K(124736K), 0.0130841 secs] [Times: user=0.06 sys=0.00, real=0.02 secs] 
2014-11-15T17:28:42.388+0200: 28.986: [GC (Allocation Failure) 28.986: [ParNew: 36100K->3398K(38720K), 0.0107645 secs] 54549K->27567K(124736K), 0.0108429 secs] [Times: user=0.05 sys=0.00, real=0.01 secs] 
2014-11-15T17:28:44.005+0200: 30.603: [GC (Allocation Failure) 30.604: [ParNew: 37456K->2387K(38720K), 0.0123768 secs] 61625K->59325K(124736K), 0.0124625 secs] [Times: user=0.06 sys=0.01, real=0.01 secs] 
2014-11-15T17:28:44.018+0200: 30.616: [GC (CMS Initial Mark) [1 CMS-initial-mark: 56937K(86016K)] 61373K(124736K), 0.0005711 secs] [Times: user=0.00 sys=0.00, real=0.00 secs] 
2014-11-15T17:28:44.019+0200: 30.617: [CMS-concurrent-mark-start]
2014-11-15T17:28:44.022+0200: 30.620: [CMS-concurrent-mark: 0.003/0.003 secs] [Times: user=0.01 sys=0.00, real=0.01 secs] 
2014-11-15T17:28:44.022+0200: 30.620: [CMS-concurrent-preclean-start]
2014-11-15T17:28:44.023+0200: 30.621: [CMS-concurrent-preclean: 0.000/0.000 secs] [Times: user=0.00 sys=0.00, real=0.00 secs] 
2014-11-15T17:28:44.023+0200: 30.621: [CMS-concurrent-abortable-preclean-start]
 CMS: abort preclean due to time 2014-11-15T17:28:49.026+0200: 35.624: [CMS-concurrent-abortable-preclean: 0.028/5.003 secs] [Times: user=0.08 sys=0.01, real=5.00 secs] 
2014-11-15T17:28:49.026+0200: 35.624: [GC (CMS Final Remark) [YG occupancy: 6855 K (38720 K)]35.624: [Rescan (parallel) , 0.0010907 secs]35.626: [weak refs processing, 0.0000157 secs]35.626: [class unloading, 0.0042991 secs]35.630: [scrub symbol table, 0.0008229 secs]35.631: [scrub string table, 0.0003808 secs][1 CMS-remark: 56937K(86016K)] 63792K(124736K), 0.0076740 secs] [Times: user=0.01 sys=0.00, real=0.01 secs] 
2014-11-15T17:28:49.034+0200: 35.632: [CMS-concurrent-sweep-start]
2014-11-15T17:28:49.035+0200: 35.633: [CMS-concurrent-sweep: 0.001/0.001 secs] [Times: user=0.00 sys=0.00, real=0.00 secs] 
2014-11-15T17:28:49.035+0200: 35.633: [CMS-concurrent-reset-start]
2014-11-15T17:28:49.039+0200: 35.637: [CMS-concurrent-reset: 0.004/0.004 secs] [Times: user=0.00 sys=0.00, real=0.00 secs] 
2014-11-15T17:28:51.039+0200: 37.637: [GC (CMS Initial Mark) [1 CMS-initial-mark: 38502K(86016K)] 45357K(124736K), 0.0018875 secs] [Times: user=0.01 sys=0.00, real=0.00 secs] 
2014-11-15T17:28:51.041+0200: 37.639: [CMS-concurrent-mark-start]
2014-11-15T17:28:51.043+0200: 37.641: [CMS-concurrent-mark: 0.003/0.003 secs] [Times: user=0.00 sys=0.00, real=0.01 secs] 
2014-11-15T17:28:51.043+0200: 37.641: [CMS-concurrent-preclean-start]
2014-11-15T17:28:51.044+0200: 37.642: [CMS-concurrent-preclean: 0.000/0.000 secs] [Times: user=0.00 sys=0.00, real=0.00 secs] 
2014-11-15T17:28:51.044+0200: 37.642: [CMS-concurrent-abortable-preclean-start]
 CMS: abort preclean due to time 2014-11-15T17:28:56.076+0200: 42.674: [CMS-concurrent-abortable-preclean: 0.028/5.032 secs] [Times: user=0.36 sys=0.02, real=5.03 secs] 
2014-11-15T17:28:56.076+0200: 42.674: [GC (CMS Final Remark) [YG occupancy: 8089 K (38720 K)]42.674: [Rescan (parallel) , 0.0024377 secs]42.677: [weak refs processing, 0.0000123 secs]42.677: [class unloading, 0.0026137 secs]42.680: [scrub symbol table, 0.0008323 secs]42.680: [scrub string table, 0.0003699 secs][1 CMS-remark: 38502K(86016K)] 46591K(124736K), 0.0071503 secs] [Times: user=0.02 sys=0.00, real=0.01 secs] 
2014-11-15T17:28:56.084+0200: 42.682: [CMS-concurrent-sweep-start]
2014-11-15T17:28:56.084+0200: 42.683: [CMS-concurrent-sweep: 0.001/0.001 secs] [Times: user=0.01 sys=0.00, real=0.00 secs] 
2014-11-15T17:28:56.084+0200: 42.683: [CMS-concurrent-reset-start]
2014-11-15T17:28:56.088+0200: 42.686: [CMS-concurrent-reset: 0.004/0.004 secs] [Times: user=0.00 sys=0.00, real=0.00 secs] 
2014-11-15T17:28:58.088+0200: 44.686: [GC (CMS Initial Mark) [1 CMS-initial-mark: 38485K(86016K)] 47191K(124736K), 0.0029388 secs] [Times: user=0.01 sys=0.00, real=0.00 secs] 
2014-11-15T17:28:58.091+0200: 44.689: [CMS-concurrent-mark-start]
2014-11-15T17:28:58.094+0200: 44.692: [CMS-concurrent-mark: 0.003/0.003 secs] [Times: user=0.01 sys=0.00, real=0.01 secs] 
2014-11-15T17:28:58.094+0200: 44.692: [CMS-concurrent-preclean-start]
2014-11-15T17:28:58.095+0200: 44.693: [CMS-concurrent-preclean: 0.000/0.000 secs] [Times: user=0.00 sys=0.00, real=0.00 secs] 
2014-11-15T17:28:58.095+0200: 44.693: [CMS-concurrent-abortable-preclean-start]
 CMS: abort preclean due to time 2014-11-15T17:29:03.127+0200: 49.725: [CMS-concurrent-abortable-preclean: 0.029/5.033 secs] [Times: user=0.08 sys=0.03, real=5.03 secs] 
2014-11-15T17:29:03.128+0200: 49.726: [GC (CMS Final Remark) [YG occupancy: 10092 K (38720 K)]49.726: [Rescan (parallel) , 0.0033910 secs]49.729: [weak refs processing, 0.0000126 secs]49.729: [class unloading, 0.0026232 secs]49.732: [scrub symbol table, 0.0005493 secs]49.732: [scrub string table, 0.0001789 secs][1 CMS-remark: 38485K(86016K)] 48577K(124736K), 0.0072743 secs] [Times: user=0.02 sys=0.00, real=0.01 secs] 
2014-11-15T17:29:03.135+0200: 49.733: [CMS-concurrent-sweep-start]
2014-11-15T17:29:03.136+0200: 49.734: [CMS-concurrent-sweep: 0.001/0.001 secs] [Times: user=0.00 sys=0.00, real=0.00 secs] 
2014-11-15T17:29:03.136+0200: 49.734: [CMS-concurrent-reset-start]
2014-11-15T17:29:03.139+0200: 49.737: [CMS-concurrent-reset: 0.004/0.004 secs] [Times: user=0.00 sys=0.00, real=0.00 secs] 
2014-11-15T17:29:05.139+0200: 51.737: [GC (CMS Initial Mark) [1 CMS-initial-mark: 38485K(86016K)] 49194K(124736K), 0.0018200 secs] [Times: user=0.01 sys=0.01, real=0.00 secs] 
2014-11-15T17:29:05.141+0200: 51.739: [CMS-concurrent-mark-start]
2014-11-15T17:29:05.143+0200: 51.741: [CMS-concurrent-mark: 0.002/0.002 secs] [Times: user=0.00 sys=0.00, real=0.01 secs] 
2014-11-15T17:29:05.143+0200: 51.741: [CMS-concurrent-preclean-start]
2014-11-15T17:29:05.143+0200: 51.741: [CMS-concurrent-preclean: 0.000/0.000 secs] [Times: user=0.00 sys=0.00, real=0.00 secs] 
2014-11-15T17:29:05.143+0200: 51.741: [CMS-concurrent-abortable-preclean-start]
 CMS: abort preclean due to time 2014-11-15T17:29:10.148+0200: 56.746: [CMS-concurrent-abortable-preclean: 0.029/5.005 secs] [Times: user=0.21 sys=0.00, real=5.00 secs] 
2014-11-15T17:29:10.148+0200: 56.746: [GC (CMS Final Remark) [YG occupancy: 12167 K (38720 K)]56.746: [Rescan (parallel) , 0.0045955 secs]56.751: [weak refs processing, 0.0000176 secs]56.751: [class unloading, 0.0039271 secs]56.755: [scrub symbol table, 0.0007794 secs]56.756: [scrub string table, 0.0003378 secs][1 CMS-remark: 38485K(86016K)] 50652K(124736K), 0.0105077 secs] [Times: user=0.03 sys=0.00, real=0.01 secs] 
2014-11-15T17:29:10.159+0200: 56.757: [CMS-concurrent-sweep-start]
2014-11-15T17:29:10.160+0200: 56.758: [CMS-concurrent-sweep: 0.001/0.001 secs] [Times: user=0.00 sys=0.00, real=0.00 secs] 
2014-11-15T17:29:10.160+0200: 56.758: [CMS-concurrent-reset-start]
2014-11-15T17:29:10.163+0200: 56.762: [CMS-concurrent-reset: 0.003/0.003 secs] [Times: user=0.01 sys=0.00, real=0.01 secs] 
2014-11-15T17:29:12.163+0200: 58.761: [GC (CMS Initial Mark) [1 CMS-initial-mark: 38467K(86016K)] 50635K(124736K), 0.0016543 secs] [Times: user=0.01 sys=0.00, real=0.00 secs] 
2014-11-15T17:29:12.164+0200: 58.763: [CMS-concurrent-mark-start]
2014-11-15T17:29:12.166+0200: 58.764: [CMS-concurrent-mark: 0.001/0.001 secs] [Times: user=0.00 sys=0.00, real=0.00 secs] 
2014-11-15T17:29:12.166+0200: 58.764: [CMS-concurrent-preclean-start]
2014-11-15T17:29:12.166+0200: 58.764: [CMS-concurrent-preclean: 0.000/0.000 secs] [Times: user=0.00 sys=0.00, real=0.00 secs] 
2014-11-15T17:29:12.166+0200: 58.764: [CMS-concurrent-abortable-preclean-start]
 CMS: abort preclean due to time 2014-11-15T17:29:17.178+0200: 63.776: [CMS-concurrent-abortable-preclean: 0.025/5.012 secs] [Times: user=0.06 sys=0.01, real=5.01 secs] 
2014-11-15T17:29:17.178+0200: 63.777: [GC (CMS Final Remark) [YG occupancy: 13401 K (38720 K)]63.777: [Rescan (parallel) , 0.0038300 secs]63.781: [weak refs processing, 0.0000214 secs]63.781: [class unloading, 0.0041637 secs]63.785: [scrub symbol table, 0.0008226 secs]63.786: [scrub string table, 0.0003702 secs][1 CMS-remark: 38467K(86016K)] 51869K(124736K), 0.0101549 secs] [Times: user=0.03 sys=0.00, real=0.01 secs] 
2014-11-15T17:29:17.189+0200: 63.787: [CMS-concurrent-sweep-start]
2014-11-15T17:29:17.190+0200: 63.788: [CMS-concurrent-sweep: 0.001/0.001 secs] [Times: user=0.00 sys=0.00, real=0.00 secs] 
2014-11-15T17:29:17.190+0200: 63.788: [CMS-concurrent-reset-start]
2014-11-15T17:29:17.194+0200: 63.792: [CMS-concurrent-reset: 0.003/0.003 secs] [Times: user=0.00 sys=0.00, real=0.01 secs] 
2014-11-15T17:29:19.193+0200: 65.791: [GC (CMS Initial Mark) [1 CMS-initial-mark: 38467K(86016K)] 52486K(124736K), 0.0035738 secs] [Times: user=0.02 sys=0.00, real=0.00 secs] 
2014-11-15T17:29:19.197+0200: 65.795: [CMS-concurrent-mark-start]
2014-11-15T17:29:19.200+0200: 65.798: [CMS-concurrent-mark: 0.003/0.003 secs] [Times: user=0.00 sys=0.00, real=0.00 secs] 
2014-11-15T17:29:19.200+0200: 65.798: [CMS-concurrent-preclean-start]
2014-11-15T17:29:19.200+0200: 65.798: [CMS-concurrent-preclean: 0.000/0.000 secs] [Times: user=0.00 sys=0.00, real=0.00 secs] 
2014-11-15T17:29:19.200+0200: 65.798: [CMS-concurrent-abortable-preclean-start]
 CMS: abort preclean due to time 2014-11-15T17:29:24.217+0200: 70.815: [CMS-concurrent-abortable-preclean: 0.029/5.017 secs] [Times: user=0.09 sys=0.01, real=5.02 secs] 
2014-11-15T17:29:24.217+0200: 70.816: [GC (CMS Final Remark) [YG occupancy: 15252 K (38720 K)]70.816: [Rescan (parallel) , 0.0049878 secs]70.821: [weak refs processing, 0.0000191 secs]70.821: [class unloading, 0.0037157 secs]70.824: [scrub symbol table, 0.0008205 secs]70.825: [scrub string table, 0.0003714 secs][1 CMS-remark: 38467K(86016K)] 53720K(124736K), 0.0108409 secs] [Times: user=0.04 sys=0.00, real=0.01 secs] 
2014-11-15T17:29:24.228+0200: 70.827: [CMS-concurrent-sweep-start]
2014-11-15T17:29:24.229+0200: 70.828: [CMS-concurrent-sweep: 0.001/0.001 secs] [Times: user=0.00 sys=0.00, real=0.00 secs] 
2014-11-15T17:29:24.230+0200: 70.828: [CMS-concurrent-reset-start]
2014-11-15T17:29:24.233+0200: 70.831: [CMS-concurrent-reset: 0.003/0.003 secs] [Times: user=0.00 sys=0.00, real=0.01 secs] 
2014-11-15T17:29:26.232+0200: 72.830: [GC (CMS Initial Mark) [1 CMS-initial-mark: 38467K(86016K)] 54337K(124736K), 0.0050067 secs] [Times: user=0.02 sys=0.00, real=0.01 secs] 
2014-11-15T17:29:26.237+0200: 72.835: [CMS-concurrent-mark-start]
2014-11-15T17:29:26.240+0200: 72.838: [CMS-concurrent-mark: 0.003/0.003 secs] [Times: user=0.01 sys=0.00, real=0.00 secs] 
2014-11-15T17:29:26.240+0200: 72.838: [CMS-concurrent-preclean-start]
2014-11-15T17:29:26.241+0200: 72.839: [CMS-concurrent-preclean: 0.000/0.000 secs] [Times: user=0.00 sys=0.00, real=0.01 secs] 
2014-11-15T17:29:26.241+0200: 72.839: [CMS-concurrent-abortable-preclean-start]
 CMS: abort preclean due to time 2014-11-15T17:29:31.274+0200: 77.872: [CMS-concurrent-abortable-preclean: 0.029/5.033 secs] [Times: user=0.08 sys=0.00, real=5.03 secs] 
2014-11-15T17:29:31.274+0200: 77.872: [GC (CMS Final Remark) [YG occupancy: 17328 K (38720 K)]77.872: [Rescan (parallel) , 0.0054260 secs]77.878: [weak refs processing, 0.0000217 secs]77.878: [class unloading, 0.0042633 secs]77.882: [scrub symbol table, 0.0008599 secs]77.883: [scrub string table, 0.0003714 secs][1 CMS-remark: 38467K(86016K)] 55796K(124736K), 0.0118901 secs] [Times: user=0.04 sys=0.00, real=0.01 secs] 
2014-11-15T17:29:31.286+0200: 77.884: [CMS-concurrent-sweep-start]
2014-11-15T17:29:31.288+0200: 77.886: [CMS-concurrent-sweep: 0.001/0.001 secs] [Times: user=0.00 sys=0.00, real=0.00 secs] 
2014-11-15T17:29:31.288+0200: 77.886: [CMS-concurrent-reset-start]
2014-11-15T17:29:31.291+0200: 77.889: [CMS-concurrent-reset: 0.003/0.003 secs] [Times: user=0.00 sys=0.00, real=0.00 secs] 
2014-11-15T17:29:33.290+0200: 79.888: [GC (CMS Initial Mark) [1 CMS-initial-mark: 38467K(86016K)] 56413K(124736K), 0.0046054 secs] [Times: user=0.02 sys=0.00, real=0.01 secs] 
2014-11-15T17:29:33.295+0200: 79.893: [CMS-concurrent-mark-start]
2014-11-15T17:29:33.298+0200: 79.896: [CMS-concurrent-mark: 0.003/0.003 secs] [Times: user=0.01 sys=0.00, real=0.00 secs] 
2014-11-15T17:29:33.298+0200: 79.896: [CMS-concurrent-preclean-start]
2014-11-15T17:29:33.299+0200: 79.897: [CMS-concurrent-preclean: 0.000/0.000 secs] [Times: user=0.00 sys=0.00, real=0.00 secs] 
2014-11-15T17:29:33.299+0200: 79.897: [CMS-concurrent-abortable-preclean-start]
 CMS: abort preclean due to time 2014-11-15T17:29:38.331+0200: 84.929: [CMS-concurrent-abortable-preclean: 0.028/5.032 secs] [Times: user=0.06 sys=0.02, real=5.03 secs] 
2014-11-15T17:29:38.331+0200: 84.929: [GC (CMS Final Remark) [YG occupancy: 19179 K (38720 K)]84.929: [Rescan (parallel) , 0.0051278 secs]84.934: [weak refs processing, 0.0000201 secs]84.934: [class unloading, 0.0041782 secs]84.938: [scrub symbol table, 0.0008302 secs]84.939: [scrub string table, 0.0003709 secs][1 CMS-remark: 38467K(86016K)] 57647K(124736K), 0.0114818 secs] [Times: user=0.05 sys=0.00, real=0.02 secs] 
2014-11-15T17:29:38.343+0200: 84.941: [CMS-concurrent-sweep-start]
2014-11-15T17:29:38.344+0200: 84.942: [CMS-concurrent-sweep: 0.001/0.001 secs] [Times: user=0.00 sys=0.00, real=0.00 secs] 
2014-11-15T17:29:38.344+0200: 84.942: [CMS-concurrent-reset-start]
2014-11-15T17:29:38.347+0200: 84.945: [CMS-concurrent-reset: 0.003/0.003 secs] [Times: user=0.00 sys=0.00, real=0.00 secs] 
2014-11-15T17:29:40.347+0200: 86.945: [GC (CMS Initial Mark) [1 CMS-initial-mark: 38467K(86016K)] 58264K(124736K), 0.0051674 secs] [Times: user=0.03 sys=0.00, real=0.00 secs] 
2014-11-15T17:29:40.352+0200: 86.950: [CMS-concurrent-mark-start]
2014-11-15T17:29:40.355+0200: 86.953: [CMS-concurrent-mark: 0.003/0.003 secs] [Times: user=0.01 sys=0.00, real=0.01 secs] 
2014-11-15T17:29:40.355+0200: 86.953: [CMS-concurrent-preclean-start]
2014-11-15T17:29:40.355+0200: 86.954: [CMS-concurrent-preclean: 0.000/0.000 secs] [Times: user=0.00 sys=0.00, real=0.00 secs] 
2014-11-15T17:29:40.355+0200: 86.954: [CMS-concurrent-abortable-preclean-start]
 CMS: abort preclean due to time 2014-11-15T17:29:45.366+0200: 91.964: [CMS-concurrent-abortable-preclean: 0.029/5.010 secs] [Times: user=0.06 sys=0.00, real=5.01 secs] 
2014-11-15T17:29:45.366+0200: 91.964: [GC (CMS Final Remark) [YG occupancy: 21030 K (38720 K)]91.964: [Rescan (parallel) , 0.0055778 secs]91.970: [weak refs processing, 0.0000222 secs]91.970: [class unloading, 0.0041351 secs]91.974: [scrub symbol table, 0.0008267 secs]91.975: [scrub string table, 0.0003708 secs][1 CMS-remark: 38467K(86016K)] 59498K(124736K), 0.0118765 secs] [Times: user=0.05 sys=0.00, real=0.01 secs] 
2014-11-15T17:29:45.378+0200: 91.976: [CMS-concurrent-sweep-start]
2014-11-15T17:29:45.379+0200: 91.977: [CMS-concurrent-sweep: 0.001/0.001 secs] [Times: user=0.00 sys=0.00, real=0.00 secs] 
2014-11-15T17:29:45.379+0200: 91.978: [CMS-concurrent-reset-start]
2014-11-15T17:29:45.383+0200: 91.981: [CMS-concurrent-reset: 0.003/0.003 secs] [Times: user=0.00 sys=0.00, real=0.01 secs] 
2014-11-15T17:29:47.382+0200: 93.981: [GC (CMS Initial Mark) [1 CMS-initial-mark: 38467K(86016K)] 59498K(124736K), 0.0050408 secs] [Times: user=0.03 sys=0.00, real=0.00 secs] 
2014-11-15T17:29:47.388+0200: 93.986: [CMS-concurrent-mark-start]
2014-11-15T17:29:47.390+0200: 93.989: [CMS-concurrent-mark: 0.003/0.003 secs] [Times: user=0.01 sys=0.00, real=0.00 secs] 
2014-11-15T17:29:47.391+0200: 93.989: [CMS-concurrent-preclean-start]
2014-11-15T17:29:47.391+0200: 93.989: [CMS-concurrent-preclean: 0.000/0.000 secs] [Times: user=0.00 sys=0.00, real=0.00 secs] 
2014-11-15T17:29:47.391+0200: 93.989: [CMS-concurrent-abortable-preclean-start]
 CMS: abort preclean due to time 2014-11-15T17:29:52.413+0200: 99.011: [CMS-concurrent-abortable-preclean: 0.028/5.022 secs] [Times: user=0.08 sys=0.01, real=5.03 secs] 
2014-11-15T17:29:52.414+0200: 99.012: [GC (CMS Final Remark) [YG occupancy: 22264 K (38720 K)]99.012: [Rescan (parallel) , 0.0043580 secs]99.016: [weak refs processing, 0.0000426 secs]99.016: [class unloading, 0.0041676 secs]99.020: [scrub symbol table, 0.0008168 secs]99.021: [scrub string table, 0.0003732 secs][1 CMS-remark: 38467K(86016K)] 60732K(124736K), 0.0106739 secs] [Times: user=0.03 sys=0.00, real=0.01 secs] 
2014-11-15T17:29:52.424+0200: 99.023: [CMS-concurrent-sweep-start]
2014-11-15T17:29:52.426+0200: 99.024: [CMS-concurrent-sweep: 0.001/0.001 secs] [Times: user=0.01 sys=0.00, real=0.00 secs] 
2014-11-15T17:29:52.426+0200: 99.024: [CMS-concurrent-reset-start]
2014-11-15T17:29:52.429+0200: 99.027: [CMS-concurrent-reset: 0.004/0.004 secs] [Times: user=0.00 sys=0.00, real=0.00 secs] 
2014-11-15T17:29:54.429+0200: 101.027: [GC (CMS Initial Mark) [1 CMS-initial-mark: 38467K(86016K)] 61573K(124736K), 0.0040045 secs] [Times: user=0.01 sys=0.00, real=0.00 secs] 
2014-11-15T17:29:54.433+0200: 101.031: [CMS-concurrent-mark-start]
2014-11-15T17:29:54.435+0200: 101.033: [CMS-concurrent-mark: 0.002/0.002 secs] [Times: user=0.01 sys=0.00, real=0.00 secs] 
2014-11-15T17:29:54.435+0200: 101.033: [CMS-concurrent-preclean-start]
2014-11-15T17:29:54.435+0200: 101.033: [CMS-concurrent-preclean: 0.000/0.000 secs] [Times: user=0.00 sys=0.00, real=0.00 secs] 
2014-11-15T17:29:54.435+0200: 101.033: [CMS-concurrent-abortable-preclean-start]
 CMS: abort preclean due to time 2014-11-15T17:29:59.467+0200: 106.065: [CMS-concurrent-abortable-preclean: 0.027/5.032 secs] [Times: user=0.04 sys=0.02, real=5.03 secs] 
2014-11-15T17:29:59.467+0200: 106.065: [GC (CMS Final Remark) [YG occupancy: 24340 K (38720 K)]106.065: [Rescan (parallel) , 0.0062736 secs]106.071: [weak refs processing, 0.0000218 secs]106.071: [class unloading, 0.0043976 secs]106.076: [scrub symbol table, 0.0008818 secs]106.077: [scrub string table, 0.0003730 secs][1 CMS-remark: 38467K(86016K)] 62807K(124736K), 0.0129091 secs] [Times: user=0.05 sys=0.00, real=0.01 secs] 
2014-11-15T17:29:59.480+0200: 106.078: [CMS-concurrent-sweep-start]
2014-11-15T17:29:59.481+0200: 106.079: [CMS-concurrent-sweep: 0.001/0.001 secs] [Times: user=0.00 sys=0.00, real=0.01 secs] 
2014-11-15T17:29:59.481+0200: 106.079: [CMS-concurrent-reset-start]
2014-11-15T17:29:59.485+0200: 106.083: [CMS-concurrent-reset: 0.004/0.004 secs] [Times: user=0.01 sys=0.00, real=0.00 secs] 
2014-11-15T17:30:01.484+0200: 108.082: [GC (CMS Initial Mark) [1 CMS-initial-mark: 38466K(86016K)] 62806K(124736K), 0.0056636 secs] [Times: user=0.03 sys=0.00, real=0.00 secs] 
2014-11-15T17:30:01.490+0200: 108.088: [CMS-concurrent-mark-start]
2014-11-15T17:30:01.493+0200: 108.091: [CMS-concurrent-mark: 0.003/0.003 secs] [Times: user=0.01 sys=0.00, real=0.01 secs] 
2014-11-15T17:30:01.493+0200: 108.091: [CMS-concurrent-preclean-start]
2014-11-15T17:30:01.493+0200: 108.092: [CMS-concurrent-preclean: 0.000/0.000 secs] [Times: user=0.00 sys=0.00, real=0.00 secs] 
2014-11-15T17:30:01.493+0200: 108.092: [CMS-concurrent-abortable-preclean-start]
 CMS: abort preclean due to time 2014-11-15T17:30:06.497+0200: 113.095: [CMS-concurrent-abortable-preclean: 0.029/5.004 secs] [Times: user=0.19 sys=0.01, real=5.00 secs] 
2014-11-15T17:30:06.497+0200: 113.096: [GC (CMS Final Remark) [YG occupancy: 25574 K (38720 K)]113.096: [Rescan (parallel) , 0.0045972 secs]113.100: [weak refs processing, 0.0000365 secs]113.100: [class unloading, 0.0040216 secs]113.104: [scrub symbol table, 0.0008227 secs]113.105: [scrub string table, 0.0003721 secs][1 CMS-remark: 38466K(86016K)] 64040K(124736K), 0.0107457 secs] [Times: user=0.04 sys=0.00, real=0.01 secs] 
2014-11-15T17:30:06.508+0200: 113.107: [CMS-concurrent-sweep-start]
2014-11-15T17:30:06.509+0200: 113.107: [CMS-concurrent-sweep: 0.001/0.001 secs] [Times: user=0.00 sys=0.00, real=0.00 secs] 
2014-11-15T17:30:06.509+0200: 113.108: [CMS-concurrent-reset-start]
2014-11-15T17:30:06.512+0200: 113.111: [CMS-concurrent-reset: 0.003/0.003 secs] [Times: user=0.00 sys=0.00, real=0.00 secs] 
2014-11-15T17:30:08.512+0200: 115.110: [GC (CMS Initial Mark) [1 CMS-initial-mark: 38465K(86016K)] 64656K(124736K), 0.0052979 secs] [Times: user=0.02 sys=0.00, real=0.01 secs] 
2014-11-15T17:30:08.517+0200: 115.115: [CMS-concurrent-mark-start]
2014-11-15T17:30:08.520+0200: 115.118: [CMS-concurrent-mark: 0.003/0.003 secs] [Times: user=0.01 sys=0.00, real=0.00 secs] 
2014-11-15T17:30:08.520+0200: 115.118: [CMS-concurrent-preclean-start]
2014-11-15T17:30:08.521+0200: 115.119: [CMS-concurrent-preclean: 0.000/0.000 secs] [Times: user=0.00 sys=0.00, real=0.00 secs] 
2014-11-15T17:30:08.521+0200: 115.119: [CMS-concurrent-abortable-preclean-start]
 CMS: abort preclean due to time 2014-11-15T17:30:13.554+0200: 120.153: [CMS-concurrent-abortable-preclean: 0.026/5.034 secs] [Times: user=0.09 sys=0.00, real=5.04 secs] 
2014-11-15T17:30:13.555+0200: 120.153: [GC (CMS Final Remark) [YG occupancy: 27425 K (38720 K)]120.153: [Rescan (parallel) , 0.0064179 secs]120.159: [weak refs processing, 0.0000215 secs]120.159: [class unloading, 0.0041641 secs]120.164: [scrub symbol table, 0.0008129 secs]120.164: [scrub string table, 0.0003746 secs][1 CMS-remark: 38465K(86016K)] 65890K(124736K), 0.0127217 secs] [Times: user=0.05 sys=0.00, real=0.01 secs] 
2014-11-15T17:30:13.568+0200: 120.166: [CMS-concurrent-sweep-start]
2014-11-15T17:30:13.569+0200: 120.167: [CMS-concurrent-sweep: 0.001/0.001 secs] [Times: user=0.00 sys=0.00, real=0.00 secs] 
2014-11-15T17:30:13.569+0200: 120.167: [CMS-concurrent-reset-start]
2014-11-15T17:30:13.572+0200: 120.171: [CMS-concurrent-reset: 0.003/0.003 secs] [Times: user=0.01 sys=0.00, real=0.00 secs] 
2014-11-15T17:30:15.572+0200: 122.170: [GC (CMS Initial Mark) [1 CMS-initial-mark: 38465K(86016K)] 66507K(124736K), 0.0059556 secs] [Times: user=0.04 sys=0.00, real=0.01 secs] 
2014-11-15T17:30:15.578+0200: 122.176: [CMS-concurrent-mark-start]
2014-11-15T17:30:15.580+0200: 122.179: [CMS-concurrent-mark: 0.003/0.003 secs] [Times: user=0.01 sys=0.00, real=0.00 secs] 
2014-11-15T17:30:15.580+0200: 122.179: [CMS-concurrent-preclean-start]
2014-11-15T17:30:15.581+0200: 122.179: [CMS-concurrent-preclean: 0.000/0.000 secs] [Times: user=0.00 sys=0.00, real=0.01 secs] 
2014-11-15T17:30:15.581+0200: 122.179: [CMS-concurrent-abortable-preclean-start]
 CMS: abort preclean due to time 2014-11-15T17:30:20.612+0200: 127.211: [CMS-concurrent-abortable-preclean: 0.027/5.032 secs] [Times: user=0.05 sys=0.01, real=5.02 secs] 
2014-11-15T17:30:20.613+0200: 127.211: [GC (CMS Final Remark) [YG occupancy: 29500 K (38720 K)]127.211: [Rescan (parallel) , 0.0063840 secs]127.217: [weak refs processing, 0.0000182 secs]127.217: [class unloading, 0.0030998 secs]127.221: [scrub symbol table, 0.0006468 secs]127.221: [scrub string table, 0.0002767 secs][1 CMS-remark: 38465K(86016K)] 67965K(124736K), 0.0111157 secs] [Times: user=0.05 sys=0.00, real=0.01 secs] 
2014-11-15T17:30:20.624+0200: 127.222: [CMS-concurrent-sweep-start]
2014-11-15T17:30:20.625+0200: 127.223: [CMS-concurrent-sweep: 0.001/0.001 secs] [Times: user=0.00 sys=0.00, real=0.00 secs] 
2014-11-15T17:30:20.625+0200: 127.224: [CMS-concurrent-reset-start]
2014-11-15T17:30:20.629+0200: 127.227: [CMS-concurrent-reset: 0.003/0.003 secs] [Times: user=0.00 sys=0.00, real=0.00 secs] 
2014-11-15T17:30:22.628+0200: 129.227: [GC (CMS Initial Mark) [1 CMS-initial-mark: 38465K(86016K)] 68582K(124736K), 0.0061606 secs] [Times: user=0.03 sys=0.01, real=0.01 secs] 
2014-11-15T17:30:22.635+0200: 129.233: [CMS-concurrent-mark-start]
2014-11-15T17:30:22.638+0200: 129.236: [CMS-concurrent-mark: 0.003/0.003 secs] [Times: user=0.01 sys=0.00, real=0.00 secs] 
2014-11-15T17:30:22.638+0200: 129.236: [CMS-concurrent-preclean-start]
2014-11-15T17:30:22.638+0200: 129.236: [CMS-concurrent-preclean: 0.000/0.000 secs] [Times: user=0.00 sys=0.00, real=0.00 secs] 
2014-11-15T17:30:22.638+0200: 129.236: [CMS-concurrent-abortable-preclean-start]
 CMS: abort preclean due to time 2014-11-15T17:30:27.642+0200: 134.240: [CMS-concurrent-abortable-preclean: 0.035/5.004 secs] [Times: user=0.06 sys=0.01, real=5.01 secs] 
2014-11-15T17:30:27.642+0200: 134.241: [GC (CMS Final Remark) [YG occupancy: 31351 K (38720 K)]134.241: [Rescan (parallel) , 0.0077899 secs]134.248: [weak refs processing, 0.0000163 secs]134.248: [class unloading, 0.0032834 secs]134.252: [scrub symbol table, 0.0006935 secs]134.252: [scrub string table, 0.0002956 secs][1 CMS-remark: 38465K(86016K)] 69816K(124736K), 0.0128479 secs] [Times: user=0.06 sys=0.00, real=0.01 secs] 
2014-11-15T17:30:27.655+0200: 134.254: [CMS-concurrent-sweep-start]
2014-11-15T17:30:27.656+0200: 134.254: [CMS-concurrent-sweep: 0.001/0.001 secs] [Times: user=0.00 sys=0.00, real=0.00 secs] 
2014-11-15T17:30:27.656+0200: 134.254: [CMS-concurrent-reset-start]
2014-11-15T17:30:27.660+0200: 134.259: [CMS-concurrent-reset: 0.004/0.004 secs] [Times: user=0.00 sys=0.00, real=0.00 secs] 
2014-11-15T17:30:29.660+0200: 136.258: [GC (CMS Initial Mark) [1 CMS-initial-mark: 38465K(86016K)] 69816K(124736K), 0.0057260 secs] [Times: user=0.03 sys=0.00, real=0.01 secs] 
2014-11-15T17:30:29.666+0200: 136.264: [CMS-concurrent-mark-start]
2014-11-15T17:30:29.668+0200: 136.266: [CMS-concurrent-mark: 0.002/0.002 secs] [Times: user=0.00 sys=0.00, real=0.00 secs] 
2014-11-15T17:30:29.668+0200: 136.266: [CMS-concurrent-preclean-start]
2014-11-15T17:30:29.668+0200: 136.266: [CMS-concurrent-preclean: 0.000/0.000 secs] [Times: user=0.00 sys=0.00, real=0.00 secs] 
2014-11-15T17:30:29.668+0200: 136.266: [CMS-concurrent-abortable-preclean-start]
 CMS: abort preclean due to time 2014-11-15T17:30:34.700+0200: 141.299: [CMS-concurrent-abortable-preclean: 0.028/5.032 secs] [Times: user=0.06 sys=0.00, real=5.03 secs] 
2014-11-15T17:30:34.701+0200: 141.299: [GC (CMS Final Remark) [YG occupancy: 32585 K (38720 K)]141.299: [Rescan (parallel) , 0.0089573 secs]141.308: [weak refs processing, 0.0000225 secs]141.308: [class unloading, 0.0040083 secs]141.312: [scrub symbol table, 0.0007546 secs]141.313: [scrub string table, 0.0003540 secs][1 CMS-remark: 38465K(86016K)] 71050K(124736K), 0.0149800 secs] [Times: user=0.06 sys=0.00, real=0.02 secs] 
2014-11-15T17:30:34.716+0200: 141.314: [CMS-concurrent-sweep-start]
2014-11-15T17:30:34.717+0200: 141.315: [CMS-concurrent-sweep: 0.001/0.001 secs] [Times: user=0.00 sys=0.00, real=0.00 secs] 
2014-11-15T17:30:34.717+0200: 141.315: [CMS-concurrent-reset-start]
2014-11-15T17:30:34.721+0200: 141.319: [CMS-concurrent-reset: 0.003/0.003 secs] [Times: user=0.01 sys=0.00, real=0.00 secs] 
2014-11-15T17:30:36.720+0200: 143.318: [GC (CMS Initial Mark) [1 CMS-initial-mark: 38465K(86016K)] 71667K(124736K), 0.0076839 secs] [Times: user=0.05 sys=0.00, real=0.01 secs] 
2014-11-15T17:30:36.728+0200: 143.326: [CMS-concurrent-mark-start]
2014-11-15T17:30:36.731+0200: 143.329: [CMS-concurrent-mark: 0.003/0.003 secs] [Times: user=0.01 sys=0.00, real=0.00 secs] 
2014-11-15T17:30:36.731+0200: 143.329: [CMS-concurrent-preclean-start]
2014-11-15T17:30:36.731+0200: 143.329: [CMS-concurrent-preclean: 0.000/0.000 secs] [Times: user=0.00 sys=0.00, real=0.00 secs] 
2014-11-15T17:30:36.731+0200: 143.329: [CMS-concurrent-abortable-preclean-start]
 CMS: abort preclean due to time 2014-11-15T17:30:41.766+0200: 148.364: [CMS-concurrent-abortable-preclean: 0.029/5.034 secs] [Times: user=0.06 sys=0.00, real=5.04 secs] 
2014-11-15T17:30:41.766+0200: 148.364: [GC (CMS Final Remark) [YG occupancy: 34436 K (38720 K)]148.364: [Rescan (parallel) , 0.0089195 secs]148.373: [weak refs processing, 0.0000230 secs]148.373: [class unloading, 0.0040982 secs]148.377: [scrub symbol table, 0.0008287 secs]148.378: [scrub string table, 0.0003743 secs][1 CMS-remark: 38465K(86016K)] 72901K(124736K), 0.0152047 secs] [Times: user=0.07 sys=0.00, real=0.02 secs] 
2014-11-15T17:30:41.781+0200: 148.379: [CMS-concurrent-sweep-start]
2014-11-15T17:30:41.782+0200: 148.381: [CMS-concurrent-sweep: 0.001/0.001 secs] [Times: user=0.00 sys=0.00, real=0.00 secs] 
2014-11-15T17:30:41.783+0200: 148.381: [CMS-concurrent-reset-start]
2014-11-15T17:30:41.786+0200: 148.384: [CMS-concurrent-reset: 0.003/0.003 secs] [Times: user=0.01 sys=0.00, real=0.00 secs] 
2014-11-15T17:30:43.785+0200: 150.383: [GC (CMS Initial Mark) [1 CMS-initial-mark: 38465K(86016K)] 73518K(124736K), 0.0088333 secs] [Times: user=0.05 sys=0.00, real=0.01 secs] 
2014-11-15T17:30:43.794+0200: 150.392: [CMS-concurrent-mark-start]
2014-11-15T17:30:43.797+0200: 150.395: [CMS-concurrent-mark: 0.003/0.003 secs] [Times: user=0.01 sys=0.00, real=0.00 secs] 
2014-11-15T17:30:43.797+0200: 150.395: [CMS-concurrent-preclean-start]
2014-11-15T17:30:43.798+0200: 150.396: [CMS-concurrent-preclean: 0.000/0.000 secs] [Times: user=0.00 sys=0.00, real=0.00 secs] 
2014-11-15T17:30:43.798+0200: 150.396: [CMS-concurrent-abortable-preclean-start]
 CMS: abort preclean due to time 2014-11-15T17:30:48.830+0200: 155.428: [CMS-concurrent-abortable-preclean: 0.028/5.032 secs] [Times: user=0.07 sys=0.00, real=5.03 secs] 
2014-11-15T17:30:48.830+0200: 155.428: [GC (CMS Final Remark) [YG occupancy: 36287 K (38720 K)]155.429: [Rescan (parallel) , 0.0109772 secs]155.440: [weak refs processing, 0.0000290 secs]155.440: [class unloading, 0.0036411 secs]155.443: [scrub symbol table, 0.0007227 secs]155.444: [scrub string table, 0.0003194 secs][1 CMS-remark: 38465K(86016K)] 74753K(124736K), 0.0164938 secs] [Times: user=0.09 sys=0.00, real=0.02 secs] 
2014-11-15T17:30:48.847+0200: 155.445: [CMS-concurrent-sweep-start]
2014-11-15T17:30:48.848+0200: 155.446: [CMS-concurrent-sweep: 0.001/0.001 secs] [Times: user=0.00 sys=0.00, real=0.00 secs] 
2014-11-15T17:30:48.848+0200: 155.446: [CMS-concurrent-reset-start]
2014-11-15T17:30:48.852+0200: 155.450: [CMS-concurrent-reset: 0.003/0.003 secs] [Times: user=0.00 sys=0.00, real=0.00 secs] 
2014-11-15T17:30:50.851+0200: 157.449: [GC (CMS Initial Mark) [1 CMS-initial-mark: 38465K(86016K)] 75284K(124736K), 0.0086351 secs] [Times: user=0.05 sys=0.00, real=0.01 secs] 
2014-11-15T17:30:50.860+0200: 157.458: [CMS-concurrent-mark-start]
2014-11-15T17:30:50.863+0200: 157.461: [CMS-concurrent-mark: 0.003/0.003 secs] [Times: user=0.01 sys=0.00, real=0.01 secs] 
2014-11-15T17:30:50.863+0200: 157.461: [CMS-concurrent-preclean-start]
2014-11-15T17:30:50.863+0200: 157.461: [CMS-concurrent-preclean: 0.000/0.000 secs] [Times: user=0.00 sys=0.00, real=0.00 secs] 
2014-11-15T17:30:50.863+0200: 157.461: [CMS-concurrent-abortable-preclean-start]
2014-11-15T17:30:52.407+0200: 159.005: [GC (Allocation Failure) 159.006: [ParNew: 36819K->65K(38720K), 0.0011498 secs] 75284K->38530K(124736K), 0.0012381 secs] [Times: user=0.00 sys=0.00, real=0.00 secs] 
 CMS: abort preclean due to time 2014-11-15T17:30:55.936+0200: 162.535: [CMS-concurrent-abortable-preclean: 0.034/5.073 secs] [Times: user=0.07 sys=0.01, real=5.07 secs] 
2014-11-15T17:30:55.937+0200: 162.535: [GC (CMS Final Remark) [YG occupancy: 1503 K (38720 K)]162.535: [Rescan (parallel) , 0.0013229 secs]162.536: [weak refs processing, 0.0000217 secs]162.536: [class unloading, 0.0038441 secs]162.540: [scrub symbol table, 0.0007870 secs]162.541: [scrub string table, 0.0003538 secs][1 CMS-remark: 38465K(86016K)] 39968K(124736K), 0.0072318 secs] [Times: user=0.00 sys=0.00, real=0.01 secs] 
2014-11-15T17:30:55.944+0200: 162.542: [CMS-concurrent-sweep-start]
2014-11-15T17:30:55.945+0200: 162.544: [CMS-concurrent-sweep: 0.001/0.001 secs] [Times: user=0.01 sys=0.00, real=0.00 secs] 
2014-11-15T17:30:55.945+0200: 162.544: [CMS-concurrent-reset-start]
2014-11-15T17:30:55.949+0200: 162.547: [CMS-concurrent-reset: 0.004/0.004 secs] [Times: user=0.00 sys=0.00, real=0.00 secs] 
2014-11-15T17:33:13.526+0200: 300.124: [GC (Allocation Failure) 300.124: [ParNew: 34497K->51K(38720K), 0.0011805 secs] 72962K->38517K(124736K), 0.0012605 secs] [Times: user=0.00 sys=0.00, real=0.00 secs] 
2014-11-15T17:35:34.265+0200: 440.864: [GC (Allocation Failure) 440.864: [ParNew: 34483K->46K(38720K), 0.0010851 secs] 72949K->38511K(124736K), 0.0011611 secs] [Times: user=0.00 sys=0.00, real=0.00 secs] 
2014-11-15T17:37:57.057+0200: 583.655: [GC (Allocation Failure) 583.655: [ParNew: 34478K->56K(38720K), 0.0009891 secs] 72943K->38521K(124736K), 0.0010574 secs] [Times: user=0.00 sys=0.00, real=0.00 secs] 
2014-11-15T17:40:17.812+0200: 724.410: [GC (Allocation Failure) 724.410: [ParNew: 34488K->39K(38720K), 0.0011071 secs] 72953K->38514K(124736K), 0.0012132 secs] [Times: user=0.01 sys=0.00, real=0.01 secs] 
2014-11-15T17:42:40.744+0200: 867.343: [GC (Allocation Failure) 867.343: [ParNew: 34471K->45K(38720K), 0.0011139 secs] 72946K->38521K(124736K), 0.0012113 secs] [Times: user=0.00 sys=0.00, real=0.00 secs] 
2014-11-15T17:45:02.409+0200: 1009.007: [GC (Allocation Failure) 1009.007: [ParNew: 34477K->29K(38720K), 0.0012031 secs] 72953K->38515K(124736K), 0.0012991 secs] [Times: user=0.01 sys=0.00, real=0.00 secs] 
2014-11-15T17:47:26.346+0200: 1152.944: [GC (Allocation Failure) 1152.944: [ParNew: 34461K->13K(38720K), 0.0073216 secs] 72947K->38516K(124736K), 0.0074317 secs] [Times: user=0.03 sys=0.01, real=0.01 secs] 
2014-11-15T17:49:49.381+0200: 1295.979: [GC (Allocation Failure) 1295.979: [ParNew: 34445K->8K(38720K), 0.0011794 secs] 72948K->38511K(124736K), 0.0012777 secs] [Times: user=0.00 sys=0.00, real=0.00 secs] 
2014-11-15T17:52:13.185+0200: 1439.783: [GC (Allocation Failure) 1439.783: [ParNew: 34440K->10K(38720K), 0.0010488 secs] 72943K->38513K(124736K), 0.0011704 secs] [Times: user=0.00 sys=0.00, real=0.00 secs] 
2014-11-15T17:54:35.999+0200: 1582.597: [GC (Allocation Failure) 1582.597: [ParNew: 34442K->8K(38720K), 0.0008989 secs] 72945K->38511K(124736K), 0.0009982 secs] [Times: user=0.01 sys=0.00, real=0.00 secs] 
2014-11-15T17:56:59.740+0200: 1726.338: [GC (Allocation Failure) 1726.338: [ParNew: 34440K->6K(38720K), 0.0014195 secs] 72943K->38509K(124736K), 0.0015370 secs] [Times: user=0.00 sys=0.00, real=0.01 secs] 
2014-11-15T17:59:21.584+0200: 1868.182: [GC (Allocation Failure) 1868.182: [ParNew: 34438K->10K(38720K), 0.0014925 secs] 72941K->38514K(124736K), 0.0015948 secs] [Times: user=0.01 sys=0.00, real=0.00 secs] 
2014-11-15T18:01:45.373+0200: 2011.971: [GC (Allocation Failure) 2011.971: [ParNew: 34442K->10K(38720K), 0.0010541 secs] 72946K->38514K(124736K), 0.0011656 secs] [Times: user=0.00 sys=0.01, real=0.00 secs] 
2014-11-15T18:04:09.047+0200: 2155.645: [GC (Allocation Failure) 2155.645: [ParNew: 34442K->8K(38720K), 0.0080301 secs] 72946K->38512K(124736K), 0.0081500 secs] [Times: user=0.05 sys=0.00, real=0.01 secs] 
2014-11-15T18:06:31.753+0200: 2298.351: [GC (Allocation Failure) 2298.351: [ParNew: 34440K->10K(38720K), 0.0015176 secs] 72944K->38514K(124736K), 0.0016313 secs] [Times: user=0.00 sys=0.00, real=0.00 secs] 
2014-11-15T18:08:55.389+0200: 2441.987: [GC (Allocation Failure) 2441.987: [ParNew: 34442K->6K(38720K), 0.0013078 secs] 72946K->38510K(124736K), 0.0014014 secs] [Times: user=0.00 sys=0.00, real=0.00 secs] 
2014-11-15T18:11:15.937+0200: 2582.535: [GC (Allocation Failure) 2582.535: [ParNew: 34438K->10K(38720K), 0.0011843 secs] 72942K->38514K(124736K), 0.0012857 secs] [Times: user=0.00 sys=0.00, real=0.00 secs] 
2014-11-15T18:13:35.511+0200: 2722.109: [GC (Allocation Failure) 2722.109: [ParNew: 34442K->8K(38720K), 0.0008112 secs] 72946K->38512K(124736K), 0.0009007 secs] [Times: user=0.00 sys=0.00, real=0.00 secs] 
2014-11-15T18:15:58.326+0200: 2864.924: [GC (Allocation Failure) 2864.924: [ParNew: 34440K->8K(38720K), 0.0016235 secs] 72944K->38513K(124736K), 0.0017324 secs] [Times: user=0.01 sys=0.00, real=0.00 secs] 
2014-11-15T18:18:20.152+0200: 3006.751: [GC (Allocation Failure) 3006.751: [ParNew: 34440K->8K(38720K), 0.0039751 secs] 72945K->38512K(124736K), 0.0040820 secs] [Times: user=0.01 sys=0.00, real=0.01 secs] 
2014-11-15T18:20:41.787+0200: 3148.386: [GC (Allocation Failure) 3148.386: [ParNew: 34440K->8K(38720K), 0.0014108 secs] 72944K->38512K(124736K), 0.0015090 secs] [Times: user=0.01 sys=0.01, real=0.00 secs] 
2014-11-15T18:23:04.444+0200: 3291.042: [GC (Allocation Failure) 3291.042: [ParNew: 34440K->10K(38720K), 0.0011091 secs] 72944K->38514K(124736K), 0.0012205 secs] [Times: user=0.00 sys=0.00, real=0.00 secs] 
2014-11-15T18:25:26.254+0200: 3432.852: [GC (Allocation Failure) 3432.852: [ParNew: 34442K->10K(38720K), 0.0012529 secs] 72946K->38515K(124736K), 0.0013662 secs] [Times: user=0.01 sys=0.00, real=0.00 secs] 
2014-11-15T18:27:49.002+0200: 3575.600: [GC (Allocation Failure) 3575.600: [ParNew: 34442K->10K(38720K), 0.0011927 secs] 72947K->38515K(124736K), 0.0012951 secs] [Times: user=0.00 sys=0.00, real=0.00 secs] 
2014-11-15T18:30:11.705+0200: 3718.303: [GC (Allocation Failure) 3718.304: [ParNew: 34442K->8K(38720K), 0.0017254 secs] 72947K->38513K(124736K), 0.0018355 secs] [Times: user=0.01 sys=0.00, real=0.00 secs] 
2014-11-15T18:32:33.365+0200: 3859.964: [GC (Allocation Failure) 3859.964: [ParNew: 34440K->4K(38720K), 0.0017896 secs] 72945K->38509K(124736K), 0.0018841 secs] [Times: user=0.01 sys=0.00, real=0.00 secs] 
2014-11-15T18:34:55.662+0200: 4002.260: [GC (Allocation Failure) 4002.262: [ParNew: 34436K->4K(38720K), 0.0011827 secs] 72941K->38509K(124736K), 0.0032407 secs] [Times: user=0.01 sys=0.00, real=0.00 secs] 
2014-11-15T18:37:17.040+0200: 4143.638: [GC (Allocation Failure) 4143.638: [ParNew: 34436K->2K(38720K), 0.0012536 secs] 72941K->38507K(124736K), 0.0013407 secs] [Times: user=0.00 sys=0.00, real=0.01 secs] 
2014-11-15T18:39:36.627+0200: 4283.225: [GC (Allocation Failure) 4283.225: [ParNew: 34434K->8K(38720K), 0.0009453 secs] 72939K->38513K(124736K), 0.0010404 secs] [Times: user=0.00 sys=0.00, real=0.00 secs] 
2014-11-15T18:41:58.260+0200: 4424.858: [GC (Allocation Failure) 4424.859: [ParNew: 34440K->9K(38720K), 0.0011310 secs] 72945K->38514K(124736K), 0.0012180 secs] [Times: user=0.01 sys=0.00, real=0.01 secs] 
2014-11-15T18:44:20.997+0200: 4567.595: [GC (Allocation Failure) 4567.596: [ParNew: 34441K->10K(38720K), 0.0010058 secs] 72946K->38515K(124736K), 0.0011033 secs] [Times: user=0.00 sys=0.00, real=0.00 secs] 
2014-11-15T18:46:43.721+0200: 4710.319: [GC (Allocation Failure) 4710.319: [ParNew: 34442K->4K(38720K), 0.0014129 secs] 72947K->38509K(124736K), 0.0015164 secs] [Times: user=0.00 sys=0.00, real=0.00 secs] 
2014-11-15T18:49:07.497+0200: 4854.096: [GC (Allocation Failure) 4854.096: [ParNew: 34436K->6K(38720K), 0.0011514 secs] 72941K->38512K(124736K), 0.0012505 secs] [Times: user=0.00 sys=0.00, real=0.00 secs] 
2014-11-15T18:51:30.283+0200: 4996.881: [GC (Allocation Failure) 4996.881: [ParNew: 34438K->6K(38720K), 0.0010990 secs] 72944K->38511K(124736K), 0.0012138 secs] [Times: user=0.01 sys=0.00, real=0.00 secs] 
2014-11-15T18:53:54.098+0200: 5140.697: [GC (Allocation Failure) 5140.697: [ParNew: 34438K->12K(38720K), 0.0009408 secs] 72943K->38517K(124736K), 0.0010388 secs] [Times: user=0.01 sys=0.01, real=0.00 secs] 
2014-11-15T18:56:17.865+0200: 5284.463: [GC (Allocation Failure) 5284.463: [ParNew: 34444K->8K(38720K), 0.0008350 secs] 72949K->38513K(124736K), 0.0009418 secs] [Times: user=0.00 sys=0.00, real=0.00 secs] 
2014-11-15T18:58:41.665+0200: 5428.263: [GC (Allocation Failure) 5428.264: [ParNew: 34440K->9K(38720K), 0.0009089 secs] 72945K->38514K(124736K), 0.0010007 secs] [Times: user=0.00 sys=0.00, real=0.00 secs] 
2014-11-15T19:01:05.371+0200: 5571.969: [GC (Allocation Failure) 5571.969: [ParNew: 34441K->6K(38720K), 0.0009830 secs] 72946K->38511K(124736K), 0.0010707 secs] [Times: user=0.01 sys=0.01, real=0.00 secs] 
2014-11-15T19:03:27.987+0200: 5714.585: [GC (Allocation Failure) 5714.585: [ParNew: 34438K->6K(38720K), 0.0011713 secs] 72943K->38511K(124736K), 0.0012477 secs] [Times: user=0.00 sys=0.00, real=0.00 secs] 
2014-11-15T19:05:51.773+0200: 5858.371: [GC (Allocation Failure) 5858.371: [ParNew: 34438K->8K(38720K), 0.0012432 secs] 72943K->38513K(124736K), 0.0013388 secs] [Times: user=0.00 sys=0.00, real=0.00 secs] 
2014-11-15T19:08:12.344+0200: 5998.942: [GC (Allocation Failure) 5998.942: [ParNew: 34440K->8K(38720K), 0.0015022 secs] 72945K->38514K(124736K), 0.0016180 secs] [Times: user=0.01 sys=0.00, real=0.00 secs] 
2014-11-15T19:10:35.028+0200: 6141.626: [GC (Allocation Failure) 6141.626: [ParNew: 34440K->12K(38720K), 0.0011576 secs] 72946K->38517K(124736K), 0.0012644 secs] [Times: user=0.01 sys=0.00, real=0.00 secs] 
2014-11-15T19:12:58.685+0200: 6285.283: [GC (Allocation Failure) 6285.283: [ParNew: 34444K->13K(38720K), 0.0014217 secs] 72949K->38518K(124736K), 0.0015541 secs] [Times: user=0.00 sys=0.00, real=0.00 secs] 
2014-11-15T19:15:22.368+0200: 6428.966: [GC (Allocation Failure) 6428.966: [ParNew: 34445K->10K(38720K), 0.0013716 secs] 72950K->38515K(124736K), 0.0014656 secs] [Times: user=0.01 sys=0.00, real=0.00 secs] 
2014-11-15T19:17:46.196+0200: 6572.794: [GC (Allocation Failure) 6572.795: [ParNew: 34442K->10K(38720K), 0.0009780 secs] 72947K->38515K(124736K), 0.0010710 secs] [Times: user=0.01 sys=0.00, real=0.00 secs] 
2014-11-15T19:20:09.865+0200: 6716.464: [GC (Allocation Failure) 6716.464: [ParNew: 34442K->10K(38720K), 0.0014452 secs] 72947K->38515K(124736K), 0.0015659 secs] [Times: user=0.00 sys=0.01, real=0.00 secs] 
2014-11-15T19:22:33.377+0200: 6859.975: [GC (Allocation Failure) 6859.975: [ParNew: 34442K->9K(38720K), 0.0011525 secs] 72947K->38515K(124736K), 0.0012482 secs] [Times: user=0.01 sys=0.00, real=0.00 secs] 
2014-11-15T19:24:57.153+0200: 7003.752: [GC (Allocation Failure) 7003.752: [ParNew: 34441K->6K(38720K), 0.0011928 secs] 72947K->38512K(124736K), 0.0013076 secs] [Times: user=0.00 sys=0.00, real=0.00 secs] 
2014-11-15T19:27:19.798+0200: 7146.396: [GC (Allocation Failure) 7146.396: [ParNew: 34438K->9K(38720K), 0.0010635 secs] 72944K->38515K(124736K), 0.0011556 secs] [Times: user=0.01 sys=0.00, real=0.00 secs] 
2014-11-15T19:29:43.507+0200: 7290.105: [GC (Allocation Failure) 7290.106: [ParNew: 34441K->6K(38720K), 0.0013412 secs] 72947K->38512K(124736K), 0.0014366 secs] [Times: user=0.01 sys=0.00, real=0.00 secs] 
2014-11-15T19:32:07.145+0200: 7433.743: [GC (Allocation Failure) 7433.743: [ParNew: 34438K->6K(38720K), 0.0019467 secs] 72944K->38512K(124736K), 0.0020578 secs] [Times: user=0.00 sys=0.01, real=0.00 secs] 
2014-11-15T19:34:30.543+0200: 7577.141: [GC (Allocation Failure) 7577.142: [ParNew: 34438K->11K(38720K), 0.0011025 secs] 72944K->38517K(124736K), 0.0011830 secs] [Times: user=0.00 sys=0.01, real=0.00 secs] 
2014-11-15T19:36:53.866+0200: 7720.464: [GC (Allocation Failure) 7720.464: [ParNew: 34443K->4K(38720K), 0.0011688 secs] 72949K->38510K(124736K), 0.0012990 secs] [Times: user=0.00 sys=0.00, real=0.00 secs] 
2014-11-15T19:39:17.461+0200: 7864.059: [GC (Allocation Failure) 7864.059: [ParNew: 34436K->6K(38720K), 0.0011049 secs] 72942K->38512K(124736K), 0.0012007 secs] [Times: user=0.00 sys=0.00, real=0.00 secs] 
2014-11-15T19:41:39.922+0200: 8006.520: [GC (Allocation Failure) 8006.520: [ParNew: 34438K->4K(38720K), 0.0009723 secs] 72944K->38510K(124736K), 0.0010545 secs] [Times: user=0.01 sys=0.00, real=0.00 secs] 
2014-11-15T19:44:02.953+0200: 8149.551: [GC (Allocation Failure) 8149.551: [ParNew: 34436K->8K(38720K), 0.0010974 secs] 72942K->38514K(124736K), 0.0011991 secs] [Times: user=0.00 sys=0.00, real=0.00 secs] 
2014-11-15T19:46:25.400+0200: 8291.998: [GC (Allocation Failure) 8291.998: [ParNew: 34440K->8K(38720K), 0.0007714 secs] 72946K->38514K(124736K), 0.0008557 secs] [Times: user=0.00 sys=0.00, real=0.01 secs] 
2014-11-15T19:48:48.863+0200: 8435.461: [GC (Allocation Failure) 8435.461: [ParNew: 34440K->4K(38720K), 0.0013747 secs] 72946K->38510K(124736K), 0.0014733 secs] [Times: user=0.01 sys=0.00, real=0.00 secs] 
2014-11-15T19:51:11.466+0200: 8578.064: [GC (Allocation Failure) 8578.064: [ParNew: 34436K->7K(38720K), 0.0012134 secs] 72942K->38513K(124736K), 0.0013268 secs] [Times: user=0.01 sys=0.00, real=0.00 secs] 
2014-11-15T19:53:34.945+0200: 8721.543: [GC (Allocation Failure) 8721.543: [ParNew: 34439K->6K(38720K), 0.0020432 secs] 72945K->38512K(124736K), 0.0021649 secs] [Times: user=0.01 sys=0.00, real=0.00 secs] 
2014-11-15T19:55:57.588+0200: 8864.186: [GC (Allocation Failure) 8864.186: [ParNew: 34438K->7K(38720K), 0.0018305 secs] 72944K->38513K(124736K), 0.0019821 secs] [Times: user=0.01 sys=0.00, real=0.00 secs] 
2014-11-15T19:58:21.125+0200: 9007.723: [GC (Allocation Failure) 9007.723: [ParNew: 34439K->6K(38720K), 0.0015603 secs] 72945K->38512K(124736K), 0.0016831 secs] [Times: user=0.01 sys=0.00, real=0.00 secs] 
2014-11-15T20:00:43.807+0200: 9150.406: [GC (Allocation Failure) 9150.406: [ParNew: 34438K->5K(38720K), 0.0013123 secs] 72944K->38511K(124736K), 0.0014273 secs] [Times: user=0.00 sys=0.00, real=0.00 secs] 
2014-11-15T20:03:07.442+0200: 9294.040: [GC (Allocation Failure) 9294.040: [ParNew: 34437K->4K(38720K), 0.0012626 secs] 72943K->38510K(124736K), 0.0013647 secs] [Times: user=0.00 sys=0.00, real=0.00 secs] 
2014-11-15T20:05:31.127+0200: 9437.725: [GC (Allocation Failure) 9437.725: [ParNew: 34436K->6K(38720K), 0.0015278 secs] 72942K->38512K(124736K), 0.0016279 secs] [Times: user=0.00 sys=0.00, real=0.00 secs] 
2014-11-15T20:07:53.754+0200: 9580.352: [GC (Allocation Failure) 9580.352: [ParNew: 34438K->4K(38720K), 0.0009539 secs] 72944K->38510K(124736K), 0.0010544 secs] [Times: user=0.00 sys=0.00, real=0.00 secs] 
2014-11-15T20:10:17.391+0200: 9723.989: [GC (Allocation Failure) 9723.989: [ParNew: 34436K->7K(38720K), 0.0013599 secs] 72942K->38513K(124736K), 0.0014671 secs] [Times: user=0.00 sys=0.00, real=0.00 secs] 
2014-11-15T20:12:41.096+0200: 9867.694: [GC (Allocation Failure) 9867.694: [ParNew: 34439K->8K(38720K), 0.0012931 secs] 72945K->38514K(124736K), 0.0014072 secs] [Times: user=0.00 sys=0.00, real=0.00 secs] 
2014-11-15T20:15:03.592+0200: 10010.190: [GC (Allocation Failure) 10010.190: [ParNew: 34440K->8K(38720K), 0.0009810 secs] 72946K->38514K(124736K), 0.0011147 secs] [Times: user=0.00 sys=0.01, real=0.01 secs] 
2014-11-15T20:17:26.086+0200: 10152.684: [GC (Allocation Failure) 10152.684: [ParNew: 34440K->2K(38720K), 0.0019501 secs] 72946K->38508K(124736K), 0.0020663 secs] [Times: user=0.00 sys=0.00, real=0.00 secs] 
Heap
 par new generation   total 38720K, used 13708K [0x0000000083c00000, 0x0000000086600000, 0x00000000ad200000)
  eden space 34432K,  39% used [0x0000000083c00000, 0x00000000849629a0, 0x0000000085da0000)
  from space 4288K,   0% used [0x0000000085da0000, 0x0000000085da0800, 0x00000000861d0000)
  to   space 4288K,   0% used [0x00000000861d0000, 0x00000000861d0000, 0x0000000086600000)
 concurrent mark-sweep generation total 86016K, used 38506K [0x00000000ad200000, 0x00000000b2600000, 0x0000000100000000)
 Metaspace       used 7893K, capacity 8018K, committed 8192K, reserved 1056768K
  class space    used 910K, capacity 951K, committed 1024K, reserved 1048576K
